# ZNote -Decisions Log

---

## 2026-04-29 -Project Initialization & Stack Selection

**Task:** Initialize the ZNote project -define stack, structure, and agent system.
**Decision:** Next.js 15 (App Router) + TypeScript (relaxed) + Tailwind v4 + shadcn/ui. Content via local MDX files. Bilingual FR/EN. Dark mode default.
**Alternatives considered:**
- Vite + React (rejected: no SSG/SSR, weaker for content-heavy sites)
- Pages Router (rejected: App Router is the current Next.js standard)
- Headless CMS (rejected: local MDX is simpler for now, CMS can be added later)
- Tailwind v3 (rejected: user chose v4)
**Reasoning:** User is familiar with Next.js from previous projects (Coreline Alliance). MDX keeps content in the repo with no external dependencies. shadcn/ui provides a clean, modern component base that matches the desired aesthetic.
**Status:** Active

---

## 2026-04-29 -Content Organization by Type

**Task:** Decide how to organize writeup content.
**Decision:** Organize by type (CTF, Pentest Labs, Network Labs, Walkthroughs) rather than by platform.
**Alternatives considered:**
- By platform + year like 0xb0b.gitbook.io (rejected: network labs are self-hosted, not tied to a platform)
- Both dimensions as filterable (rejected: adds complexity without clear need yet)
**Reasoning:** User's content doesn't always map to a specific platform. Type-based organization is more natural for the content mix.
**Status:** Active

---

## 2026-04-29 -Site Name

**Task:** Decide on the public-facing site name.
**Decision:** ZNote -kept as-is (formerly ZCookOps).
**Alternatives considered:** None seriously -the name is memorable, has personality, and the "Ops" suffix ties to cybersecurity.
**Reasoning:** User liked it. It works.
**Status:** Active

---

## 2026-04-29 -Visual Identity

**Task:** Define the visual direction.
**Decision:** Clean modern dark mode in the style of Vercel docs / shadcn.
**Alternatives considered:**
- Hacker aesthetic with terminal greens and monospace (rejected: user preferred clean modern)
- Custom design direction (not specified)
**Reasoning:** Clean and professional. shadcn/ui already provides this baseline. Less custom work needed.
**Status:** Active

---

## 2026-05-11 -Logo Integration

**Task:** Integrate the official logo `z_logo.png`.
**Decision:** Add logo to the Header (alongside the text) and use it as the site's Favicon.
**Alternatives considered:**
- Replace text "ZNote" with logo (rejected by user)
- Logo only in Navbar (rejected by user)
**Reasoning:** User wanted the logo accompanied by the text "ZNote" in the Navbar and used as a favicon. Redimensioning to 48x48 in Navbar for better visibility (increased from 32x32).
---

## 2026-05-11 -Content Integration (Lab Hunter)

**Task:** Integrate the "LAB HUNTER - HACKSMATER" write-up.
**Decision:**
- Converted to MDX in `content/pentest-labs/`.
- Moved images to `public/images/content/lab-hunter/`.
- Used `%20` encoding for image URLs in MDX to handle spaces in filenames.
**Reasoning:** Maintain clean repo structure by separating raw docs from production content. `pentest-labs` was the most appropriate category for this web exploitation lab.
**Status:** Active

---

## 2026-05-20 -Retiring Network Labs Category

**Task:** Remove the `network-labs` category and focus the blog on offensive/AI security.
**Decision:** Deleted the `content/network-labs/` directory and its contents (`ipv4-ipv6-addressing.mdx`, `linux-adds.mdx`). Updated Header navigation, home page category cards, and dynamic category page routing validation to exclude `network-labs`. Rewrote author description to focus on offensive/AI security.
**Reasoning:** The user decided that networking architecture was out of place and wanted to concentrate strictly on offensive security/pentesting/CTFs.
**Status:** Active

---

## 2026-07-29 — Global Search Command Palette

**Task:** Add a global search across all writeup categories (pentest-labs, walkthroughs, ctf).
**Decision:** Command palette (Ctrl+K / Cmd+K) in the navbar. Client-side filtering on title + tags. No external search lib — simple `filter` + `includes` is sufficient for ~25 writeups. Results grouped by category, direct navigation to writeup on click.
**Alternatives considered:**
- Inline search field always visible in navbar (rejected: takes too much space)
- Full-text search on MDX body (rejected: user chose title + tags only)
- Fuse.js / Algolia (rejected: overkill for current volume)
**Files changed:** `lib/content.ts` (new `getAllWriteups()`), `components/SearchDialog.tsx` (new), `components/Header.tsx` (integration), `dictionaries/fr.json` + `en.json` (search keys), `components/ui/dialog.tsx` (shadcn install).
**Status:** Active

---

## 2026-08-08 - Build-Time Indexing and Category Filtering Optimizations

**Task:** Improve content loading performance (solve I/O bottleneck) and enhance UI/UX with search, category filtering, lazy-loaded screenshots, pagination, and related recommendations.
**Decision:**
- Created a Node script `scripts/generate-index.js` that compiles all MDX frontmatter metadata (including calculated reading time and platform attributes) into a single `content/index.json` during build and development.
- Modified `lib/content.ts` to load listing views from `index.json` in-memory.
- Created `components/CategoryList.tsx` (client component) providing real-time client-side search, platform filter, tag filters, featured posts grid (latest 3 posts), and client-side pagination.
- Added custom MDX `img` component mapping standard markdown images to stylized, lazy-loaded screenshots to prevent CLS.
- Added similar article suggestions using tag overlap correlation.
**Alternatives considered:**
- Physical image files conversion to WebP/AVIF (rejected by user preference).
- Fuse.js / client-side search library (rejected: client-side filter is faster and zero-dependency for ~30 posts).
**Status:** Active

